     1                                 %line 1+1 224.asm
     2                                 [section .text]
     3                                 [global _start]
     4                                 
     5                                 _start:
     6                                 
     7 00000000 BA01000000              mov edx, 1
     8 00000005 B9[00000000]            mov ecx, char
     9 0000000A BB00000000              mov ebx, 0
    10 0000000F B803000000              mov eax, 3
    11 00000014 CD80                    int 0x80
    12                                 
    13 00000016 BB01000000              mov ebx, 1
    14 0000001B B804000000              mov eax, 4
    15                                 
    16 00000020 B801000000              mov eax, 1
    17 00000025 CD80                    int 0x80
    18                                 
    19                                 [section .data]
    20                                 
    21 00000000 00                     char db 0
    22                                 
    23                                 
